/usr/lib/python3/dist-packages/requests/__init__.py:89: RequestsDependencyWarning: urllib3 (2.2.3) or chardet (3.0.4) doesn't match a supported version!
  warnings.warn("urllib3 ({}) or chardet ({}) doesn't match a supported "
               
               
┌─────────────┐
│ Scan Status │
└─────────────┘
  Scanning 3220 files tracked by git with 47 Code rules:
                                                                                                                        
  Language   Rules   Files          Origin   Rules                                                                      
 ──────────────────────────        ────────────────                                                                     
  c             46      63          Custom      47                                                                      
  cpp           47      31                                                                                              
                                                                                                                        
                
                
┌──────────────┐
│ Scan Summary │
└──────────────┘
Some files were skipped or only partially analyzed.
  Partially scanned: 30 files only partially analyzed due to parsing or internal Semgrep errors
  Scan skipped: 12 files not matching --include patterns, 97 files matching .semgrepignore patterns
  For a full list of skipped files, run semgrep with the --verbose flag.

Ran 47 rules on 63 files: 833 findings.

A new version of Semgrep is available. See https://semgrep.dev/docs/upgrading

📢 Too many findings? Try Semgrep Pro for more powerful queries and less noise.
   See https://sg.run/false-positives.
